// Vitest Snapshot v1, https://vitest.dev/guide/snapshot.html

exports[`1140: beebe-vent-field Low buffers are finite and draw counts stay within f43 1`] = `
{
  "buffers": "8647a4a7ddb0223c743a106ebeb70e9e9b3bb4bea15181197b3d3c76d374867b",
  "draws": 13,
  "triangles": 19938,
}
`;

exports[`1140: great-blue-hole Low buffers are finite and draw counts stay within f43 1`] = `
{
  "buffers": "0307fe217b203972abff70aaf99655b0301cf8506045f39e02096ac66fad6165",
  "draws": 8,
  "triangles": 21228,
}
`;

exports[`1140: lost-city Low buffers are finite and draw counts stay within f43 1`] = `
{
  "buffers": "b3d1ed232ef9b3ceab09ef053ac0865f76e37e4205d21d339bf8c5481b265bea",
  "draws": 14,
  "triangles": 40256,
}
`;

exports[`1140: monterey-canyon Low buffers are finite and draw counts stay within f43 1`] = `
{
  "buffers": "c8baa64cac27e161a13af24e8c578982ad6e4721ac6f037715971bf1b4285c23",
  "draws": 30,
  "triangles": 284010,
}
`;
